{
'project:custom/allowed-tags/allowed-tags-composite.feature':[
2,
7,
13,
13,
],
'project:custom/tag-name/tag-name-custom-ko.feature':[
2,
],
'project:custom/tag-name/tag-name-ko.feature':[
2,
7,
],
}
