{
'project:custom/duplicated-steps/duplicates-in-background-and-scenarios.feature':[
19,
],
'project:custom/duplicated-steps/duplicates-in-scenarios.feature':[
17,
],
'project:custom/one-single-when-per-scenario.feature':[
7,
18,
],
'project:custom/steps-right-order.feature':[
6,
],
'project:custom/use-and-but.feature':[
25,
],
'project:custom/when-step-regular-expression.feature':[
7,
],
}
