{
'project:custom/french.feature':[
7,
],
'project:custom/star-step-prefix.feature':[
6,
],
}
