{
'project:custom/spelling.feature':[
2,
4,
8,
9,
11,
14,
18,
23,
],
}
