{
'project:custom/all-step-types-in-scenario/without-background.feature':[
26,
],
'project:custom/steps-right-order.feature':[
9,
15,
],
}
