{
'project:custom/duplicated-scenario-names/scenarios.feature':[
4,
7,
22,
],
}
