{
'project:custom/allowed-tags/allowed-tags-composite.feature':[
2,
7,
13,
13,
],
'project:custom/allowed-tags/allowed-tags-custom.feature':[
7,
13,
13,
],
'project:custom/allowed-tags/allowed-tags-default.feature':[
2,
7,
],
'project:custom/custom-checks/forbidden-tag.feature':[
1,
5,
11,
],
'project:custom/indentation/indentation-default-ko.feature':[
2,
3,
19,
29,
31,
51,
],
'project:custom/indentation/indentation-default-ok.feature':[
1,
2,
12,
12,
20,
34,
35,
35,
],
'project:custom/no-tag-examples.feature':[
10,
10,
17,
17,
],
'project:custom/tag-name/tag-name-custom-ko.feature':[
2,
6,
],
'project:custom/tag-name/tag-name-custom-ok.feature':[
1,
5,
],
'project:custom/tag-name/tag-name-ko.feature':[
2,
2,
7,
],
'project:custom/tag-name/tag-name-ok.feature':[
1,
1,
5,
],
'project:custom/tag-right-level.feature':[
2,
6,
6,
6,
12,
12,
22,
28,
28,
],
'project:custom/useless-tag.feature':[
1,
6,
6,
13,
13,
20,
20,
26,
32,
38,
],
}
