{
'project:custom/tag-right-level.feature':[
6,
12,
28,
],
'project:custom/useless-tag.feature':[
6,
13,
20,
],
}
