{
'project:custom/duplicated-steps/duplicates-in-background-and-scenarios.feature':[
6,
12,
19,
],
'project:custom/duplicated-steps/duplicates-in-background.feature':[
6,
],
'project:custom/duplicated-steps/duplicates-in-scenarios.feature':[
10,
17,
],
'project:custom/french.feature':[
12,
],
}
