{
'project:custom/fixme.feature':[
5,
8,
11,
],
}
