{
'project:custom/incomplete-examples-table.feature':[
9,
],
'project:custom/missing-data-table-column.feature':[
18,
28,
38,
58,
63,
],
}
