{
'project:custom/french.feature':[
14,
],
'project:custom/one-single-when-per-scenario.feature':[
19,
],
'project:custom/use-and-but.feature':[
7,
14,
27,
],
}
