{
'project:custom/indentation/indentation-default-ko.feature':[
2,
5,
7,
11,
13,
16,
19,
21,
24,
31,
33,
35,
41,
44,
47,
51,
53,
56,
58,
60,
],
'project:custom/indentation/indentation-single-whitespace.feature':[
2,
7,
13,
21,
35,
],
'project:custom/tab-character/tab-character.feature':[
5,
],
}
