{
'project:custom/indentation/indentation-default-ko.feature':[
53,
],
'project:custom/indentation/indentation-default-ok.feature':[
36,
],
'project:custom/no-tag-examples.feature':[
11,
],
'project:custom/tag-right-level.feature':[
29,
],
'project:custom/useless-tag.feature':[
21,
39,
],
}
