{
'project:custom/no-step/no-step.feature':[
12,
],
'project:custom/unused-variable.feature':[
18,
28,
49,
83,
88,
106,
111,
],
}
