{
'project:custom/step-sentence-length/step-sentence-length-default-threshold.feature':[
7,
],
}
