{
'project:custom/only-given-steps-in-background/not-only-given.feature':[
8,
10,
],
}
