{
'project:custom/incomplete-examples-table.feature':[
9,
17,
25,
],
'project:custom/missing-data-table-column.feature':[
38,
],
}
