{
'project:custom/trailing-whitespace.feature':[
3,
7,
],
}
