{
'project:custom/max-number-steps/max-number-steps-background.feature':[
21,
],
'project:custom/max-number-steps/max-number-steps-no-background.feature':[
19,
],
}
