{
'project:custom/french.feature':[
7,
],
'project:custom/star-step-prefix.feature':[
6,
],
'project:custom/step-of-unknown-type.feature':[
6,
],
'project:custom/steps-right-order.feature':[
34,
35,
],
'project:custom/use-and-but.feature':[
36,
],
}
