{
'project:custom/missing-feature-name/missing-name.feature':[
2,
],
}
