{
'project:custom/no-tag-examples.feature':[
1,
1,
],
'project:custom/tag-right-level.feature':[
3,
],
}
