{
'project:custom/comment-convention.feature':[
4,
],
'project:custom/fixme.feature':[
8,
11,
],
'project:custom/todo.feature':[
8,
11,
],
}
