{
'project:custom/no-step/no-step.feature':[
5,
8,
11,
],
}
