{
'project:custom/add-common-given-steps-to-background/background-to-create.feature':[
2,
],
'project:custom/add-common-given-steps-to-background/only-given-steps-to-add-to-background.feature':[
5,
],
'project:custom/add-common-given-steps-to-background/steps-to-add-to-background.feature':[
5,
],
}
