{
'project:custom/wording-business-level.feature':[
3,
3,
7,
10,
18,
],
}
