{
'project:custom/all-step-types-in-scenario/without-background.feature':[
19,
24,
29,
34,
],
'project:custom/french.feature':[
5,
],
'project:custom/no-step/no-step.feature':[
8,
8,
8,
11,
11,
11,
],
'project:custom/star-step-prefix.feature':[
4,
],
'project:custom/step-of-unknown-type.feature':[
4,
],
'project:custom/steps-right-order.feature':[
12,
33,
],
}
