{
'project:custom/missing-feature-description/missing-description.feature':[
2,
],
}
