{
'project:custom/defined-feature-language/fr.feature':[
1,
],
'project:custom/defined-feature-language/not-default.feature':[
1,
],
'project:custom/french.feature':[
1,
],
}
