{
'project:custom/duplicated-scenario-names/scenarios.feature':[
17,
],
'project:custom/missing-scenario-name.feature':[
19,
25,
],
}
